/tkyemg/dn5500vs/users/people/aknr/Eos/src/Tools/mrcImage
> fft2d
> mrc2hdf
> mrc2map
> mrc3DExtractZ
> mrcFFTCTFCompensation
> mrcFFTInfo
> mrcImage1DProjectionfrom2D
> mrcImage2DProjection
> mrcImageAdaptiveBinalization
> mrcImageAssignedToTFofPDB
> mrcImageAutoRotationCorrelation
> mrcImageBandPassFilter
> mrcImageCTFCompensation
> mrcImageCTFObservation
> mrcImageCTFSN
> mrcImageCVE
> mrcImageCorrelation
> mrcImageCorrelationWithCTFCompensation
> mrcImageCrystalCreate
> mrcImageFFT
> mrcImageFourierPowerSpectrum
> mrcImageHighPassFilter
> mrcImageHighlighting
> mrcImageInfo
> mrcImageLowPassFilter
> mrcImageMakeDump
> mrcImageModelCreate
> mrcImageMultiCTFCompensation
> mrcImageMultiplying
> mrcImagePad
> mrcImagePrint
> mrcImageProjection
> mrcImageROI
> mrcImageRefConv2D
> mrcImageRefCreate
> mrcImageReverse
> mrcImageRotation
> mrcImageSectionGet
> mrcImageShift
> mrcImageShrink
> mrcImageSmoothing
> mrcImageTfunction
> mrcImageUnbentROI
> mrcImageUnexpectedMassFromPDB
> mrcImageWindowing
> mrcInfo
> mrcRefCorrelation
